// Jest Snapshot v1, https://goo.gl/fbAQLP

exports[`ArchiveTeam archives a team 1`] = `
Object {
  "notification": Array [],
  "team": Object {
    "activeFacilitator": null,
    "facilitatorPhase": "lobby",
    "facilitatorPhaseItem": null,
    "id": 0,
    "isArchived": true,
    "isPaid": true,
    "meetingId": null,
    "meetingPhase": "lobby",
    "meetingPhaseItem": null,
    "name": "Team America",
    "orgId": 1,
    "tier": "personal",
  },
}
`;

exports[`ArchiveTeam archives a team 2`] = `
Object {
  "newAuthToken": Array [
    Object {
      "channelId": 2,
      "message": Object {
        "data": Object {
          "tms": Array [],
          "type": "updated",
        },
      },
    },
    Object {
      "channelId": 3,
      "message": Object {
        "data": Object {
          "tms": Array [],
          "type": "updated",
        },
      },
    },
    Object {
      "channelId": 4,
      "message": Object {
        "data": Object {
          "tms": Array [],
          "type": "updated",
        },
      },
    },
    Object {
      "channelId": 5,
      "message": Object {
        "data": Object {
          "tms": Array [],
          "type": "updated",
        },
      },
    },
    Object {
      "channelId": 6,
      "message": Object {
        "data": Object {
          "tms": Array [],
          "type": "updated",
        },
      },
    },
    Object {
      "channelId": 7,
      "message": Object {
        "data": Object {
          "tms": Array [],
          "type": "updated",
        },
      },
    },
    Object {
      "channelId": 8,
      "message": Object {
        "data": Object {
          "tms": Array [],
          "type": "updated",
        },
      },
    },
    Object {
      "channelId": 9,
      "message": Object {
        "data": Object {
          "tms": Array [],
          "type": "updated",
        },
      },
    },
  ],
  "team": Array [
    Object {
      "channelId": 0,
      "message": Object {
        "data": Object {
          "notificationIds": Array [
            10,
            11,
            12,
            13,
            14,
            15,
            16,
          ],
          "removedTeamNotifications": Array [],
          "teamId": 0,
          "type": "ArchiveTeamPayload",
        },
        "mutatorId": undefined,
        "operationId": 0,
      },
    },
  ],
}
`;
