// Jest Snapshot v1, https://goo.gl/fbAQLP

exports[`removeTeamMember removes the teamMember, reassigns active tasks to the lead 1`] = `
Object {
  "task": Array [
    Object {
      "assigneeId": 0,
      "content": "{\\"blocks\\":[{\\"key\\":0,\\"text\\":\\"Test Task[0]\\",\\"type\\":\\"unstyled\\",\\"depth\\":0,\\"inlineStyleRanges\\":[],\\"entityRanges\\":[],\\"data\\":{}}],\\"entityMap\\":{}}",
      "createdAt": 2017-01-01T06:59:59.999Z,
      "createdBy": 24,
      "id": 25,
      "sortOrder": 0,
      "status": "active",
      "tags": Array [],
      "teamId": 16,
      "updatedAt": 2017-01-01T07:00:00.000Z,
      "userId": 17,
    },
  ],
  "teamMember": Array [
    Object {
      "checkInOrder": 8,
      "email": "steve.rogers@avengers.org",
      "id": 0,
      "isFacilitator": false,
      "isLead": true,
      "isNotRemoved": true,
      "picture": "https://placeimg.com/100/100/animals",
      "preferredName": "Captain America",
      "teamId": 16,
      "userId": 17,
    },
    Object {
      "checkInOrder": 9,
      "email": "vision@avengers.org",
      "id": 1,
      "isFacilitator": false,
      "isLead": false,
      "isNotRemoved": true,
      "picture": "https://placeimg.com/100/100/animals",
      "preferredName": "Vision",
      "teamId": 16,
      "userId": 18,
    },
    Object {
      "checkInOrder": 10,
      "email": "james.rhodes@avengers.org",
      "id": 2,
      "isFacilitator": false,
      "isLead": false,
      "isNotRemoved": true,
      "picture": "https://placeimg.com/100/100/animals",
      "preferredName": "War Machine",
      "teamId": 16,
      "userId": 19,
    },
    Object {
      "checkInOrder": 11,
      "email": "tony.stark@avengers.org",
      "id": 3,
      "isFacilitator": false,
      "isLead": false,
      "isNotRemoved": true,
      "picture": "https://placeimg.com/100/100/animals",
      "preferredName": "Iron Man",
      "teamId": 16,
      "userId": 20,
    },
    Object {
      "checkInOrder": 12,
      "email": "bruce.banner@avengers.org",
      "id": 4,
      "isFacilitator": false,
      "isLead": false,
      "isNotRemoved": true,
      "picture": "https://placeimg.com/100/100/animals",
      "preferredName": "Hulk",
      "teamId": 16,
      "userId": 21,
    },
    Object {
      "checkInOrder": 13,
      "email": "natasha.romanova@avengers.org",
      "id": 5,
      "isFacilitator": false,
      "isLead": false,
      "isNotRemoved": true,
      "picture": "https://placeimg.com/100/100/animals",
      "preferredName": "Black Widow",
      "teamId": 16,
      "userId": 22,
    },
    Object {
      "checkInOrder": 14,
      "email": "kyle.richmond@avengers.org",
      "id": 6,
      "isFacilitator": false,
      "isLead": false,
      "isNotRemoved": true,
      "picture": "https://placeimg.com/100/100/animals",
      "preferredName": "Nighthawk",
      "teamId": 16,
      "userId": 23,
    },
    Object {
      "checkInOrder": 15,
      "email": "thor@avengers.org",
      "id": 7,
      "isFacilitator": false,
      "isLead": false,
      "isNotRemoved": false,
      "picture": "https://placeimg.com/100/100/animals",
      "preferredName": "Thor",
      "teamId": 16,
      "updatedAt": 2017-01-01T08:00:00.000Z,
      "userId": 24,
    },
  ],
  "user": Object {
    "cachedAt": 2017-01-01T07:00:00.000Z,
    "createdAt": 2017-01-01T07:00:00.000Z,
    "email": "thor@avengers.org",
    "emailVerified": false,
    "id": 24,
    "identities": Array [],
    "inactive": false,
    "lastLogin": 2017-01-01T07:00:00.000Z,
    "lastSeenAt": 2017-01-01T07:00:00.000Z,
    "name": "Thor Odinson",
    "picture": "https://placeimg.com/100/100/animals",
    "preferredName": "Thor",
    "tms": Array [],
    "updatedAt": 2017-01-01T07:00:00.000Z,
    "userOrgs": Array [
      Object {
        "id": 26,
        "role": null,
      },
      Object {
        "id": 27,
        "role": "billingLeader",
      },
    ],
    "welcomeSentAt": 2017-01-01T07:00:00.000Z,
  },
}
`;

exports[`removeTeamMember removes the teamMember, reassigns active tasks to the lead 2`] = `
Object {
  "newAuthToken": Array [
    Object {
      "channelId": 24,
      "message": Object {
        "data": Object {
          "tms": Array [],
          "type": "updated",
        },
      },
    },
  ],
  "task": Array [
    Object {
      "channelId": 28,
      "message": Object {
        "data": Object {
          "notificationId": 29,
          "removedNotifications": Array [],
          "taskIds": Array [
            37,
          ],
          "teamId": 16,
          "teamMemberId": 7,
          "type": "RemoveTeamMemberPayload",
          "userId": 24,
        },
        "mutatorId": undefined,
        "operationId": 0,
      },
    },
    Object {
      "channelId": 28,
      "message": Object {
        "data": Object {
          "notificationId": 29,
          "removedNotifications": Array [],
          "taskIds": Array [
            37,
          ],
          "teamId": 16,
          "teamMemberId": 7,
          "type": "RemoveTeamMemberPayload",
          "userId": 24,
        },
        "mutatorId": undefined,
        "operationId": 0,
      },
    },
    Object {
      "channelId": 28,
      "message": Object {
        "data": Object {
          "notificationId": 29,
          "removedNotifications": Array [],
          "taskIds": Array [
            37,
          ],
          "teamId": 16,
          "teamMemberId": 7,
          "type": "RemoveTeamMemberPayload",
          "userId": 24,
        },
        "mutatorId": undefined,
        "operationId": 0,
      },
    },
    Object {
      "channelId": 28,
      "message": Object {
        "data": Object {
          "notificationId": 29,
          "removedNotifications": Array [],
          "taskIds": Array [
            37,
          ],
          "teamId": 16,
          "teamMemberId": 7,
          "type": "RemoveTeamMemberPayload",
          "userId": 24,
        },
        "mutatorId": undefined,
        "operationId": 0,
      },
    },
    Object {
      "channelId": 28,
      "message": Object {
        "data": Object {
          "notificationId": 29,
          "removedNotifications": Array [],
          "taskIds": Array [
            37,
          ],
          "teamId": 16,
          "teamMemberId": 7,
          "type": "RemoveTeamMemberPayload",
          "userId": 24,
        },
        "mutatorId": undefined,
        "operationId": 0,
      },
    },
    Object {
      "channelId": 28,
      "message": Object {
        "data": Object {
          "notificationId": 29,
          "removedNotifications": Array [],
          "taskIds": Array [
            37,
          ],
          "teamId": 16,
          "teamMemberId": 7,
          "type": "RemoveTeamMemberPayload",
          "userId": 24,
        },
        "mutatorId": undefined,
        "operationId": 0,
      },
    },
    Object {
      "channelId": 28,
      "message": Object {
        "data": Object {
          "notificationId": 29,
          "removedNotifications": Array [],
          "taskIds": Array [
            37,
          ],
          "teamId": 16,
          "teamMemberId": 7,
          "type": "RemoveTeamMemberPayload",
          "userId": 24,
        },
        "mutatorId": undefined,
        "operationId": 0,
      },
    },
  ],
  "team": Array [
    Object {
      "channelId": 24,
      "message": Object {
        "data": Object {
          "notificationId": 29,
          "removedNotifications": Array [],
          "taskIds": Array [
            37,
          ],
          "teamId": 16,
          "teamMemberId": 7,
          "type": "RemoveTeamMemberPayload",
          "userId": 24,
        },
        "mutatorId": undefined,
        "operationId": 0,
      },
    },
  ],
  "teamMember": Array [
    Object {
      "channelId": 16,
      "message": Object {
        "data": Object {
          "notificationId": 29,
          "removedNotifications": Array [],
          "taskIds": Array [
            37,
          ],
          "teamId": 16,
          "teamMemberId": 7,
          "type": "RemoveTeamMemberPayload",
          "userId": 24,
        },
        "mutatorId": undefined,
        "operationId": 0,
      },
    },
  ],
}
`;
