// Jest Snapshot v1, https://goo.gl/fbAQLP

exports[`stripeSucceedPayment handles invoice.payment_succeeded 1`] = `
Object {
  "invoice": Object {
    "amountDue": 500,
    "billingLeaderEmails": Array [
      "steve.rogers@avengers.org",
    ],
    "createdAt": 2017-01-01T07:00:00.000Z,
    "creditCard": Object {
      "brand": "Visa",
      "expiry": "12/24",
      "id": "card_124",
      "last4": "1881",
      "number": "4012888888881881",
    },
    "endAt": 2017-01-01T07:00:00.000Z,
    "id": 0,
    "invoiceDate": 2017-01-01T07:00:00.000Z,
    "lines": Array [
      Object {
        "amount": 10,
        "details": Array [
          Object {
            "amount": 10,
            "email": "thor@avengers.org",
            "endAt": 2017-01-01T07:00:00.000Z,
            "id": 2,
            "parentId": 1,
            "startAt": 2017-01-01T06:59:59.900Z,
          },
        ],
        "id": 1,
        "quantity": 1,
        "type": "ADDED_USERS",
      },
    ],
    "nextMonthCharges": 1000,
    "orgId": 3,
    "orgName": "The Averagers, Inc.",
    "paidAt": 2017-01-01T08:00:00.000Z,
    "startAt": 2017-01-01T06:59:59.898Z,
    "startingBalance": 0,
    "status": "PAID",
    "total": 500,
  },
}
`;
