// Jest Snapshot v1, https://goo.gl/fbAQLP

exports[`stripeUpdateInvoiceItem handles invoiceitem.created 1`] = `
Object {
  "invoiceItemHook": Object {
    "id": 0,
    "prorationDate": 1483254000,
    "stripeSubscriptionId": 1,
    "type": "addUser",
    "userId": 2,
  },
}
`;

exports[`stripeUpdateInvoiceItem handles invoiceitem.created 2`] = `
Object {
  "invoiceItems": Array [
    Object {
      "amount": 0,
      "currency": "usd",
      "description": null,
      "discountable": true,
      "id": 3,
      "livemode": true,
      "metadata": Object {
        "type": "addUser",
        "userId": 2,
      },
      "object": "line_item",
      "period": Object {
        "end": 1491501033,
        "start": 1483254000,
      },
      "plan": Object {
        "amount": 500,
        "created": 1483257600,
        "currency": "usd",
        "id": "parabol-pro-monthly",
        "interval": "month",
        "interval_count": 1,
        "livemode": false,
        "metadata": Object {},
        "name": "parabol-pro-monthly",
        "object": "plan",
        "statement_descriptor": null,
        "trial_period_days": null,
      },
      "proration": false,
      "quantity": 1,
      "subscription": 1,
      "subscription_item": 4,
      "type": "subscription",
    },
  ],
}
`;
