// Jest Snapshot v1, https://goo.gl/fbAQLP

exports[`stripeFailPayment handles invoice.payment_failed 1`] = `
Object {
  "invoice": Object {
    "amountDue": 500,
    "billingLeaderEmails": Array [
      "steve.rogers@avengers.org",
    ],
    "createdAt": 2017-01-01T07:00:00.000Z,
    "creditCard": Object {
      "brand": "Visa",
      "expiry": "12/24",
      "id": "card_124",
      "last4": "1881",
      "number": "4012888888881881",
    },
    "endAt": 2017-01-01T07:00:00.000Z,
    "id": 0,
    "invoiceDate": 2017-01-01T07:00:00.000Z,
    "lines": Array [
      Object {
        "amount": 10,
        "details": Array [
          Object {
            "amount": 10,
            "email": "thor@avengers.org",
            "endAt": 2017-01-01T07:00:00.000Z,
            "id": 2,
            "parentId": 1,
            "startAt": 2017-01-01T06:59:59.900Z,
          },
        ],
        "id": 1,
        "quantity": 1,
        "type": "ADDED_USERS",
      },
    ],
    "nextMonthCharges": 1000,
    "orgId": 3,
    "orgName": "The Averagers, Inc.",
    "paidAt": 2017-01-01T06:59:59.995Z,
    "startAt": 2017-01-01T06:59:59.898Z,
    "startingBalance": 0,
    "status": "FAILED",
    "total": 500,
  },
  "notification": Array [
    Object {
      "brand": "Visa",
      "id": 4,
      "last4": "1881",
      "orgId": 3,
      "startAt": 2017-01-01T08:00:00.000Z,
      "type": "PAYMENT_REJECTED",
      "userIds": Array [
        5,
      ],
    },
  ],
}
`;

exports[`stripeFailPayment handles invoice.payment_failed 2`] = `
Object {
  "customers": Array [
    Object {
      "account_balance": 0,
      "created": 1483257600,
      "currency": "usd",
      "default_source": "card_124",
      "delinquent": false,
      "description": null,
      "discount": null,
      "email": null,
      "id": 6,
      "livemode": false,
      "metadata": Object {
        "orgId": 3,
      },
      "object": "customer",
      "shipping": null,
      "sources": Object {
        "data": Array [
          Object {
            "address_city": null,
            "address_country": null,
            "address_line1": null,
            "address_line1_check": null,
            "address_line2": null,
            "address_state": null,
            "address_zip": null,
            "address_zip_check": null,
            "brand": "Visa",
            "country": "US",
            "customer": 6,
            "cvc_check": "pass",
            "dynamic_last4": null,
            "exp_month": "12",
            "exp_year": "2024",
            "funding": "credit",
            "id": "card_124",
            "last4": "1881",
            "metadata": Object {},
            "name": null,
            "object": "card",
            "tokenization_method": null,
          },
        ],
        "has_more": false,
        "object": "list",
        "total_count": 1,
        "url": 7,
      },
    },
  ],
  "subscriptions": Array [
    Object {
      "application_fee_percent": null,
      "cancel_at_period_end": false,
      "canceled_at": null,
      "created": 1483257600,
      "current_period_end": NaN,
      "current_period_start": 1483254000,
      "customer": 6,
      "discount": null,
      "ended_at": null,
      "id": 8,
      "items": Object {
        "data": Array [
          Object {
            "created": 1483257600,
            "id": "si_123",
            "object": "subscription_item",
            "plan": Object {
              "amount": 500,
              "created": 1483257600,
              "currency": "usd",
              "id": "parabol-pro-monthly",
              "interval": "month",
              "interval_count": 1,
              "livemode": false,
              "metadata": Object {},
              "name": "parabol-pro-monthly",
              "object": "plan",
              "statement_descriptor": null,
              "trial_period_days": null,
            },
            "quantity": 8,
          },
        ],
        "has_more": false,
        "object": "list",
        "total_count": 1,
        "url": 9,
      },
      "livemode": false,
      "metadata": Object {
        "orgId": 3,
      },
      "object": "subscription",
      "plan": Object {
        "amount": 500,
        "created": 1483257600,
        "currency": "usd",
        "id": "parabol-pro-monthly",
        "interval": "month",
        "interval_count": 1,
        "livemode": false,
        "metadata": Object {},
        "name": "parabol-pro-monthly",
        "object": "plan",
        "statement_descriptor": null,
        "trial_period_days": null,
      },
      "quantity": 8,
      "start": 1483254000,
      "status": "active",
      "tax_percent": 0,
      "trial_end": null,
      "trial_start": null,
    },
  ],
}
`;
