// Jest Snapshot v1, https://goo.gl/fbAQLP

exports[`stripeUpdateCreditCard handles customer.sources.updated 1`] = `
Object {
  "organization": Object {
    "createdAt": 2017-01-01T07:00:00.000Z,
    "creditCard": Object {
      "brand": "Visa",
      "expiry": "1/20",
      "id": "card_124",
      "last4": "1111",
      "number": "4012888888881881",
    },
    "id": 0,
    "name": "The Averagers, Inc.",
    "orgUsers": Array [
      Object {
        "id": 3,
        "inactive": false,
        "role": "billingLeader",
      },
      Object {
        "id": 4,
        "inactive": false,
        "role": null,
      },
      Object {
        "id": 5,
        "inactive": false,
        "role": null,
      },
      Object {
        "id": 6,
        "inactive": false,
        "role": null,
      },
      Object {
        "id": 7,
        "inactive": false,
        "role": null,
      },
      Object {
        "id": 8,
        "inactive": false,
        "role": null,
      },
      Object {
        "id": 9,
        "inactive": false,
        "role": null,
      },
      Object {
        "id": 10,
        "inactive": false,
        "role": null,
      },
    ],
    "periodStart": 2017-01-01T07:00:00.000Z,
    "stripeId": 1,
    "stripeSubscriptionId": 2,
    "updatedAt": 2017-01-01T07:00:00.000Z,
  },
}
`;
