// Jest Snapshot v1, https://goo.gl/fbAQLP

exports[`stripeCreateInvoice handles invoice.created 1`] = `
Object {
  "invoice": Object {
    "amountDue": 0,
    "billingLeaderEmails": Array [
      "steve.rogers@avengers.org",
    ],
    "createdAt": 2017-01-01T08:00:00.000Z,
    "creditCard": Object {
      "brand": "Visa",
      "expiry": "12/24",
      "id": "card_124",
      "last4": "1881",
      "number": "4012888888881881",
    },
    "endAt": 2017-03-07T17:50:33.000Z,
    "id": 0,
    "invoiceDate": 2017-01-01T08:00:00.000Z,
    "lines": Array [],
    "nextMonthCharges": Object {
      "amount": 0,
      "nextPeriodEnd": 2017-04-06T17:50:33.000Z,
      "quantity": 1,
      "unitPrice": 500,
    },
    "orgId": 1,
    "orgName": "The Averagers, Inc.",
    "paidAt": 2017-01-01T08:00:00.000Z,
    "picture": null,
    "startAt": 2017-03-07T17:50:33.000Z,
    "startingBalance": 0,
    "status": "PAID",
    "total": 0,
  },
}
`;

exports[`stripeCreateInvoice handles invoice.created 2`] = `
Object {
  "invoices": Array [
    Object {
      "amount_due": 0,
      "application_fee": null,
      "attempt_count": 0,
      "attempted": true,
      "charge": null,
      "closed": true,
      "currency": "usd",
      "customer": 2,
      "date": 1483257600,
      "description": null,
      "discount": null,
      "ending_balance": 0,
      "forgiven": false,
      "id": 0,
      "lines": Object {
        "data": Array [
          Object {
            "amount": 0,
            "currency": "usd",
            "description": null,
            "discountable": true,
            "id": 3,
            "livemode": true,
            "metadata": Object {
              "orgId": 1,
            },
            "object": "line_item",
            "period": Object {
              "end": 1491501033,
              "start": 1488909033,
            },
            "plan": Object {
              "amount": 500,
              "created": 1483257600,
              "currency": "usd",
              "id": "parabol-pro-monthly",
              "interval": "month",
              "interval_count": 1,
              "livemode": false,
              "metadata": Object {},
              "name": "parabol-pro-monthly",
              "object": "plan",
              "statement_descriptor": null,
              "trial_period_days": null,
            },
            "proration": false,
            "quantity": 1,
            "subscription": undefined,
            "subscription_item": 5,
            "type": "subscription",
          },
        ],
        "object": "list",
        "total_count": undefined,
        "url": 4,
      },
      "livemode": false,
      "metadata": Object {
        "orgId": 1,
      },
      "next_payment_attempt": null,
      "object": "invoice",
      "paid": true,
      "period_end": 1488909033,
      "period_start": 1488909033,
      "receipt_number": null,
      "starting_balance": 0,
      "statement_descriptor": null,
      "subscription": 3,
      "subtotal": 0,
      "tax": null,
      "tax_percent": null,
      "total": 0,
      "webhooks_delivered_at": 1488909040,
    },
  ],
}
`;
