// Jest Snapshot v1, https://goo.gl/fbAQLP

exports[`UpdateCreditCard can call updateCreditCard without a stripe subscription 1`] = `
Object {
  "organization": Object {
    "createdAt": 2017-01-01T07:00:00.000Z,
    "creditCard": Object {
      "brand": "Visa",
      "expiry": "12/23",
      "id": "card_124",
      "last4": "4242",
      "number": "4012888888881881",
    },
    "id": 0,
    "name": "The Averagers, Inc.",
    "orgUsers": Array [
      Object {
        "id": 2,
        "inactive": false,
        "role": "billingLeader",
      },
      Object {
        "id": 3,
        "inactive": false,
        "role": null,
      },
      Object {
        "id": 4,
        "inactive": false,
        "role": null,
      },
      Object {
        "id": 5,
        "inactive": false,
        "role": null,
      },
      Object {
        "id": 6,
        "inactive": false,
        "role": null,
      },
      Object {
        "id": 7,
        "inactive": false,
        "role": null,
      },
      Object {
        "id": 8,
        "inactive": false,
        "role": null,
      },
      Object {
        "id": 9,
        "inactive": false,
        "role": null,
      },
    ],
    "periodStart": 2017-01-01T07:00:00.000Z,
    "stripeId": 1,
    "stripeSubscriptionId": null,
    "updatedAt": 2017-01-01T08:00:00.000Z,
  },
  "team": Array [
    Object {
      "activeFacilitator": null,
      "facilitatorPhase": "lobby",
      "facilitatorPhaseItem": null,
      "id": 10,
      "isArchived": false,
      "isPaid": true,
      "meetingId": null,
      "meetingPhase": "lobby",
      "meetingPhaseItem": null,
      "name": "Team America",
      "orgId": 0,
      "tier": "personal",
      "updatedAt": 2017-01-01T08:00:00.000Z,
    },
  ],
}
`;

exports[`UpdateCreditCard can call updateCreditCard without a stripe subscription 2`] = `
Object {
  "customers": Array [
    Object {
      "account_balance": 0,
      "created": 1483257600,
      "currency": "usd",
      "default_source": "card_123",
      "delinquent": false,
      "description": null,
      "discount": null,
      "email": null,
      "id": 1,
      "livemode": false,
      "metadata": Object {
        "orgId": 0,
      },
      "object": "customer",
      "shipping": null,
      "sources": Object {
        "data": Array [
          Object {
            "address_city": null,
            "address_country": null,
            "address_line1": null,
            "address_line1_check": null,
            "address_line2": null,
            "address_state": null,
            "address_zip": null,
            "address_zip_check": null,
            "brand": "Visa",
            "country": "US",
            "customer": 1,
            "cvc_check": "pass",
            "dynamic_last4": null,
            "exp_month": "12",
            "exp_year": "2023",
            "funding": "credit",
            "id": "card_123",
            "last4": "4242",
            "metadata": Object {},
            "name": null,
            "object": "card",
            "tokenization_method": null,
          },
        ],
        "has_more": false,
        "object": "list",
        "total_count": 1,
        "url": 11,
      },
    },
  ],
}
`;
