// Jest Snapshot v1, https://goo.gl/fbAQLP

exports[`user token requires su role 1`] = `"Unauthorized. Must be a super user to run this query."`;
